---
source: postmodern-cli/src/display.rs
expression: "render_jobs_table_styled(fixture(), 120, true)"
---
┌──────────────────────────────────────┬─────────┬────────────┬─────────┬──────────────────┬──────────────────────────┐
│ ID                                   │ Queue   │ Status     │ Retries │ Created          │ Description              │
├──────────────────────────────────────┼─────────┼────────────┼─────────┼──────────────────┼──────────────────────────┤
│ 019e38a7-9c0f-72c3-9faf-68e039fdbdc6 │ ingest  │ Pending    │ 0       │ 2026-05-18 01:16 │ ingest new documents fro │
│                                      │         │            │         │                  │ m source                 │
├──────────────────────────────────────┼─────────┼────────────┼─────────┼──────────────────┼──────────────────────────┤
│ 019e38a8-1234-7def-abcd-123456789abc │ process │ InProgress │ 2       │ 2026-05-17 14:30 │ process batch            │
├──────────────────────────────────────┼─────────┼────────────┼─────────┼──────────────────┼──────────────────────────┤
│ 019e38a9-5678-7abc-def0-fedcba987654 │ export  │ Failed     │ 5       │ 2026-05-16 09:00 │ export results to extern │
│                                      │         │            │         │                  │ al API endpoint          │
├──────────────────────────────────────┼─────────┼────────────┼─────────┼──────────────────┼──────────────────────────┤
│ 019e38aa-9abc-7123-4567-abcdef012345 │ notify  │ Finished   │ 0       │ 2026-05-15 22:45 │                          │
└──────────────────────────────────────┴─────────┴────────────┴─────────┴──────────────────┴──────────────────────────┘
